[INFO] Scanning for projects...
[INFO] 
[INFO] --------------------< com.vimainsurance:vimaadmin >---------------------
[INFO] Building vimaadmin 0.0.1-SNAPSHOT
[INFO]   from pom.xml
[INFO] --------------------------------[ jar ]---------------------------------
[INFO] 
[INFO] >>> dependency:3.8.1:analyze (default-cli) > test-compile @ vimaadmin >>>
[INFO] 
[INFO] --- resources:3.3.1:resources (default-resources) @ vimaadmin ---
[INFO] Copying 6 resources from src/main/resources to target/classes
[INFO] Copying 137 resources from src/main/resources to target/classes
[INFO] 
[INFO] --- compiler:3.13.0:compile (default-compile) @ vimaadmin ---
[INFO] Recompiling the module because of changed source code.
[INFO] Compiling 680 source files with javac [debug parameters release 21] to target/classes
[INFO] Annotation processing is enabled because one or more processors were found
  on the class path. A future release of javac may disable annotation processing
  unless at least one processor is specified by name (-processor), or a search
  path is specified (--processor-path, --processor-module-path), or annotation
  processing is enabled explicitly (-proc:only, -proc:full).
  Use -Xlint:-options to suppress this message.
  Use -proc:none to disable annotation processing.
[INFO] /Users/charansundarmoorthy/Documents/Projects/vima/code/Vima-backend/src/main/java/com/vimainsurance/vimaadmin/aspect/RateLimitAspect.java: Some input files use or override a deprecated API.
[INFO] /Users/charansundarmoorthy/Documents/Projects/vima/code/Vima-backend/src/main/java/com/vimainsurance/vimaadmin/aspect/RateLimitAspect.java: Recompile with -Xlint:deprecation for details.
[INFO] /Users/charansundarmoorthy/Documents/Projects/vima/code/Vima-backend/src/main/java/com/vimainsurance/vimaadmin/service/serviceimpl/EmployeeService.java: Some input files use unchecked or unsafe operations.
[INFO] /Users/charansundarmoorthy/Documents/Projects/vima/code/Vima-backend/src/main/java/com/vimainsurance/vimaadmin/service/serviceimpl/EmployeeService.java: Recompile with -Xlint:unchecked for details.
[INFO] 
[INFO] --- resources:3.3.1:testResources (default-testResources) @ vimaadmin ---
[INFO] Copying 1 resource from src/test/resources to target/test-classes
[INFO] 
[INFO] --- compiler:3.13.0:testCompile (default-testCompile) @ vimaadmin ---
[INFO] Recompiling the module because of changed dependency.
[INFO] Compiling 36 source files with javac [debug parameters release 21] to target/test-classes
[INFO] Annotation processing is enabled because one or more processors were found
  on the class path. A future release of javac may disable annotation processing
  unless at least one processor is specified by name (-processor), or a search
  path is specified (--processor-path, --processor-module-path), or annotation
  processing is enabled explicitly (-proc:only, -proc:full).
  Use -Xlint:-options to suppress this message.
  Use -proc:none to disable annotation processing.
[INFO] /Users/charansundarmoorthy/Documents/Projects/vima/code/Vima-backend/src/test/java/com/vimainsurance/vimaadmin/service/serviceimpl/ClaimsServiceImplTest.java: Some input files use unchecked or unsafe operations.
[INFO] /Users/charansundarmoorthy/Documents/Projects/vima/code/Vima-backend/src/test/java/com/vimainsurance/vimaadmin/service/serviceimpl/ClaimsServiceImplTest.java: Recompile with -Xlint:unchecked for details.
[INFO] 
[INFO] <<< dependency:3.8.1:analyze (default-cli) < test-compile @ vimaadmin <<<
[INFO] 
[INFO] 
[INFO] --- dependency:3.8.1:analyze (default-cli) @ vimaadmin ---
[WARNING] Used undeclared dependencies found:
[WARNING]    org.junit.jupiter:junit-jupiter-api:jar:5.11.4:compile
[WARNING]    org.springframework.security:spring-security-oauth2-jose:jar:6.4.6:compile
[WARNING]    software.amazon.awssdk:regions:jar:2.31.54:compile
[WARNING]    org.apache.tomcat.embed:tomcat-embed-core:jar:10.1.41:compile
[WARNING]    org.slf4j:slf4j-api:jar:2.0.17:compile
[WARNING]    org.springframework.security:spring-security-core:jar:6.4.6:compile
[WARNING]    org.springframework:spring-beans:jar:6.2.7:compile
[WARNING]    commons-io:commons-io:jar:2.15.1:compile
[WARNING]    org.springframework.security:spring-security-web:jar:6.4.6:compile
[WARNING]    org.springframework.security:spring-security-oauth2-core:jar:6.4.6:compile
[WARNING]    org.thymeleaf:thymeleaf:jar:3.1.3.RELEASE:compile
[WARNING]    org.springframework.boot:spring-boot:jar:3.4.6:compile
[WARNING]    org.keycloak:keycloak-client-common-synced:jar:26.0.0:compile
[WARNING]    ch.qos.logback:logback-classic:jar:1.5.18:compile
[WARNING]    jakarta.persistence:jakarta.persistence-api:jar:3.1.0:compile
[WARNING]    org.springframework:spring-webmvc:jar:6.2.7:compile
[WARNING]    org.springframework.security:spring-security-config:jar:6.4.6:compile
[WARNING]    io.swagger.core.v3:swagger-models-jakarta:jar:2.2.27:compile
[WARNING]    jakarta.activation:jakarta.activation-api:jar:2.1.3:compile
[WARNING]    io.awspring.cloud:spring-cloud-aws-sqs:jar:3.4.0:compile
[WARNING]    jakarta.validation:jakarta.validation-api:jar:3.0.2:compile
[WARNING]    ch.qos.logback:logback-core:jar:1.5.18:compile
[WARNING]    org.mockito:mockito-core:jar:5.14.2:test
[WARNING]    org.springframework.data:spring-data-commons:jar:3.4.6:compile
[WARNING]    org.springframework:spring-orm:jar:6.2.7:compile
[WARNING]    com.fasterxml.jackson.core:jackson-annotations:jar:2.18.4:compile
[WARNING]    software.amazon.awssdk:aws-core:jar:2.31.54:compile
[WARNING]    jakarta.ws.rs:jakarta.ws.rs-api:jar:3.1.0:compile
[WARNING]    org.mockito:mockito-junit-jupiter:jar:5.14.2:test
[WARNING]    org.springframework:spring-core:jar:6.2.7:compile
[WARNING]    org.springframework.boot:spring-boot-test:jar:3.4.6:test
[WARNING]    org.springframework:spring-context:jar:6.2.7:compile
[WARNING]    org.springframework:spring-test:jar:6.2.7:test
[WARNING]    org.springframework.boot:spring-boot-autoconfigure:jar:3.4.6:compile
[WARNING]    org.springframework:spring-web:jar:6.2.7:compile
[WARNING]    org.thymeleaf:thymeleaf-spring6:jar:3.1.3.RELEASE:compile
[WARNING]    org.springframework.security:spring-security-oauth2-client:jar:6.4.6:compile
[WARNING]    org.springdoc:springdoc-openapi-starter-common:jar:2.8.3:compile
[WARNING]    com.fasterxml.jackson.core:jackson-core:jar:2.18.4:compile
[WARNING]    org.springframework:spring-jcl:jar:6.2.7:compile
[WARNING]    io.swagger.core.v3:swagger-annotations-jakarta:jar:2.2.27:compile
[WARNING]    org.springframework:spring-tx:jar:6.2.7:compile
[WARNING]    org.eclipse.angus:jakarta.mail:jar:2.0.3:compile
[WARNING]    org.springframework.data:spring-data-jpa:jar:3.4.6:compile
[WARNING]    org.springframework.security:spring-security-oauth2-resource-server:jar:6.4.6:compile
[WARNING]    org.springframework:spring-jdbc:jar:6.2.7:compile
[WARNING]    software.amazon.awssdk:sdk-core:jar:2.31.54:compile
[WARNING]    org.springframework.security:spring-security-crypto:jar:6.4.6:compile
[WARNING]    org.springframework:spring-context-support:jar:6.2.7:compile
[WARNING]    com.fasterxml.jackson.core:jackson-databind:jar:2.18.4:compile
[WARNING]    org.hibernate.validator:hibernate-validator:jar:8.0.2.Final:compile
[WARNING]    org.aspectj:aspectjweaver:jar:1.9.24:compile
[WARNING] Unused declared dependencies found:
[WARNING]    org.springframework.boot:spring-boot-starter-web:jar:3.4.6:compile
[WARNING]    org.springframework.boot:spring-boot-starter:jar:3.4.6:compile
[WARNING]    org.springframework.boot:spring-boot-starter-data-jpa:jar:3.4.6:compile
[WARNING]    org.springframework.boot:spring-boot-starter-validation:jar:3.4.6:compile
[WARNING]    org.springframework.boot:spring-boot-starter-aop:jar:3.4.6:compile
[WARNING]    org.springframework.boot:spring-boot-starter-test:jar:3.4.6:test
[WARNING]    org.springframework.security:spring-security-test:jar:6.4.6:test
[WARNING]    org.springdoc:springdoc-openapi-starter-webmvc-ui:jar:2.8.3:compile
[WARNING]    org.springframework.boot:spring-boot-starter-security:jar:3.4.6:compile
[WARNING]    io.jsonwebtoken:jjwt-impl:jar:0.11.5:runtime
[WARNING]    io.jsonwebtoken:jjwt-jackson:jar:0.11.5:runtime
[WARNING]    org.postgresql:postgresql:jar:42.7.5:compile
[WARNING]    org.springframework.boot:spring-boot-starter-oauth2-client:jar:3.4.6:compile
[WARNING]    org.springframework.boot:spring-boot-starter-oauth2-resource-server:jar:3.4.6:compile
[WARNING]    org.apache.httpcomponents:httpclient:jar:4.5.14:compile
[WARNING]    org.json:json:jar:20231013:compile
[WARNING]    javax.servlet:javax.servlet-api:jar:4.0.1:provided
[WARNING]    org.springframework.boot:spring-boot-starter-mail:jar:3.4.6:compile
[WARNING]    org.springframework.boot:spring-boot-starter-thymeleaf:jar:3.4.6:compile
[WARNING]    io.awspring.cloud:spring-cloud-aws-starter-sqs:jar:3.4.0:compile
[WARNING]    org.flywaydb:flyway-core:jar:10.20.1:compile
[WARNING]    org.flywaydb:flyway-database-postgresql:jar:10.20.1:compile
[WARNING] Non-test scoped test only dependencies found:
[WARNING]    org.junit.jupiter:junit-jupiter-api:jar:5.11.4:compile
[INFO] ------------------------------------------------------------------------
[INFO] BUILD SUCCESS
[INFO] ------------------------------------------------------------------------
[INFO] Total time:  20.473 s
[INFO] Finished at: 2026-05-13T15:16:24+05:30
[INFO] ------------------------------------------------------------------------
